app/admin/(larkon)/branches/[id]/page.tsx(280,18): error TS18048: 'row.members' is possibly 'undefined'.
app/admin/(larkon)/enforcement/cases/[id]/page.tsx(216,45): error TS2322: Type '{ status: string; variant: "secondary" | "success" | "danger" | "warning"; }' is not assignable to type 'IntrinsicAttributes & StatusChipProps'.
  Property 'variant' does not exist on type 'IntrinsicAttributes & StatusChipProps'.
app/admin/(larkon)/enforcement/cases/page.tsx(315,94): error TS2322: Type '{ status: string; variant: "secondary" | "success" | "danger" | "warning"; }' is not assignable to type 'IntrinsicAttributes & StatusChipProps'.
  Property 'variant' does not exist on type 'IntrinsicAttributes & StatusChipProps'.
app/admin/(larkon)/enforcement/cases/page.tsx(323,54): error TS2322: Type '{ title: string; message: string; }' is not assignable to type 'IntrinsicAttributes & { title?: string | undefined; description?: ReactNode; action?: ReactNode; className?: string | undefined; }'.
  Property 'message' does not exist on type 'IntrinsicAttributes & { title?: string | undefined; description?: ReactNode; action?: ReactNode; className?: string | undefined; }'.
app/admin/(larkon)/producer-governance/[orgId]/page.tsx(574,13): error TS2322: Type '{ logs: { id: number; action: string; createdAt: string; fromStatus: string | undefined; toStatus: string | undefined; note: string | undefined; }[]; emptyMessage: string; }' is not assignable to type 'IntrinsicAttributes & TimelineViewProps'.
  Property 'emptyMessage' does not exist on type 'IntrinsicAttributes & TimelineViewProps'.
app/admin/(larkon)/support/tickets/[id]/page.tsx(45,23): error TS2339: Property 'status' does not exist on type '{}'.
app/admin/(larkon)/support/tickets/[id]/page.tsx(46,25): error TS2339: Property 'priority' does not exist on type '{}'.
app/admin/(larkon)/support/tickets/[id]/page.tsx(47,33): error TS2339: Property 'assignedToUserId' does not exist on type '{}'.
app/clinic/billing-management/page.tsx(346,13): error TS2322: Type '{ columns: ({ key: string; label: string; render: (record: BillingRecord) => Element; } | { key: string; label: string; render: (record: BillingRecord) => string; })[]; data: BillingRecord[]; loading: boolean; searchPlaceholder: string; }' is not assignable to type 'IntrinsicAttributes & { children: ReactNode; loading?: boolean | undefined; emptyState?: ReactNode; className?: string | undefined; }'.
  Property 'columns' does not exist on type 'IntrinsicAttributes & { children: ReactNode; loading?: boolean | undefined; emptyState?: ReactNode; className?: string | undefined; }'.
app/clinic/billing-management/page.tsx(358,13): error TS2322: Type '{ columns: { key: string; label: string; render: (refund: RefundRecord) => Element; }[]; data: RefundRecord[]; loading: boolean; searchPlaceholder: string; }' is not assignable to type 'IntrinsicAttributes & { children: ReactNode; loading?: boolean | undefined; emptyState?: ReactNode; className?: string | undefined; }'.
  Property 'columns' does not exist on type 'IntrinsicAttributes & { children: ReactNode; loading?: boolean | undefined; emptyState?: ReactNode; className?: string | undefined; }'.
app/clinic/billing-management/page.tsx(370,13): error TS2322: Type '{ columns: { key: string; label: string; render: (discount: DiscountUsage) => Element; }[]; data: DiscountUsage[]; loading: boolean; searchPlaceholder: string; }' is not assignable to type 'IntrinsicAttributes & { children: ReactNode; loading?: boolean | undefined; emptyState?: ReactNode; className?: string | undefined; }'.
  Property 'columns' does not exist on type 'IntrinsicAttributes & { children: ReactNode; loading?: boolean | undefined; emptyState?: ReactNode; className?: string | undefined; }'.
app/clinic/contracts/page.tsx(182,11): error TS2322: Type '{ columns: { key: string; label: string; render: (contract: DoctorContract) => Element; }[]; data: DoctorContract[]; loading: boolean; searchPlaceholder: string; }' is not assignable to type 'IntrinsicAttributes & { children: ReactNode; loading?: boolean | undefined; emptyState?: ReactNode; className?: string | undefined; }'.
  Property 'columns' does not exist on type 'IntrinsicAttributes & { children: ReactNode; loading?: boolean | undefined; emptyState?: ReactNode; className?: string | undefined; }'.
app/clinic/discounts/page.tsx(343,13): error TS2322: Type '{ columns: { key: string; label: string; render: (policy: DiscountPolicy) => Element; }[]; data: DiscountPolicy[]; loading: boolean; searchPlaceholder: string; }' is not assignable to type 'IntrinsicAttributes & { children: ReactNode; loading?: boolean | undefined; emptyState?: ReactNode; className?: string | undefined; }'.
  Property 'columns' does not exist on type 'IntrinsicAttributes & { children: ReactNode; loading?: boolean | undefined; emptyState?: ReactNode; className?: string | undefined; }'.
app/clinic/discounts/page.tsx(361,13): error TS2322: Type '{ columns: ({ key: string; label: string; render: (card: OwnerDiscountCard) => Element; } | { key: string; label: string; render: (card: OwnerDiscountCard) => string; })[]; data: OwnerDiscountCard[]; loading: boolean; searchPlaceholder: string; }' is not assignable to type 'IntrinsicAttributes & { children: ReactNode; loading?: boolean | undefined; emptyState?: ReactNode; className?: string | undefined; }'.
  Property 'columns' does not exist on type 'IntrinsicAttributes & { children: ReactNode; loading?: boolean | undefined; emptyState?: ReactNode; className?: string | undefined; }'.
app/clinic/services-management/page.tsx(171,11): error TS2322: Type '{ columns: ({ key: string; label: string; render: (service: Service) => Element; } | { key: string; label: string; render: (service: Service) => string; })[]; data: Service[]; loading: boolean; searchPlaceholder: string; }' is not assignable to type 'IntrinsicAttributes & { children: ReactNode; loading?: boolean | undefined; emptyState?: ReactNode; className?: string | undefined; }'.
  Property 'columns' does not exist on type 'IntrinsicAttributes & { children: ReactNode; loading?: boolean | undefined; emptyState?: ReactNode; className?: string | undefined; }'.
app/clinic/settlements/page.tsx(242,17): error TS2322: Type '{ title: string; value: string; icon: string; color: string; }' is not assignable to type 'IntrinsicAttributes & { label: string; value: ReactNode; icon?: string | undefined; variant?: "primary" | "secondary" | "success" | "info" | "danger" | "warning" | undefined; loading?: boolean | undefined; onClick?: (() => void) | undefined; className?: string | undefined; children?: ReactNode; }'.
  Property 'title' does not exist on type 'IntrinsicAttributes & { label: string; value: ReactNode; icon?: string | undefined; variant?: "primary" | "secondary" | "success" | "info" | "danger" | "warning" | undefined; loading?: boolean | undefined; onClick?: (() => void) | undefined; className?: string | undefined; children?: ReactNode; }'.
app/clinic/settlements/page.tsx(250,17): error TS2322: Type '{ title: string; value: string; icon: string; color: string; }' is not assignable to type 'IntrinsicAttributes & { label: string; value: ReactNode; icon?: string | undefined; variant?: "primary" | "secondary" | "success" | "info" | "danger" | "warning" | undefined; loading?: boolean | undefined; onClick?: (() => void) | undefined; className?: string | undefined; children?: ReactNode; }'.
  Property 'title' does not exist on type 'IntrinsicAttributes & { label: string; value: ReactNode; icon?: string | undefined; variant?: "primary" | "secondary" | "success" | "info" | "danger" | "warning" | undefined; loading?: boolean | undefined; onClick?: (() => void) | undefined; className?: string | undefined; children?: ReactNode; }'.
app/clinic/settlements/page.tsx(258,17): error TS2322: Type '{ title: string; value: string; icon: string; color: string; }' is not assignable to type 'IntrinsicAttributes & { label: string; value: ReactNode; icon?: string | undefined; variant?: "primary" | "secondary" | "success" | "info" | "danger" | "warning" | undefined; loading?: boolean | undefined; onClick?: (() => void) | undefined; className?: string | undefined; children?: ReactNode; }'.
  Property 'title' does not exist on type 'IntrinsicAttributes & { label: string; value: ReactNode; icon?: string | undefined; variant?: "primary" | "secondary" | "success" | "info" | "danger" | "warning" | undefined; loading?: boolean | undefined; onClick?: (() => void) | undefined; className?: string | undefined; children?: ReactNode; }'.
app/clinic/settlements/page.tsx(266,17): error TS2322: Type '{ title: string; value: string; icon: string; color: string; }' is not assignable to type 'IntrinsicAttributes & { label: string; value: ReactNode; icon?: string | undefined; variant?: "primary" | "secondary" | "success" | "info" | "danger" | "warning" | undefined; loading?: boolean | undefined; onClick?: (() => void) | undefined; className?: string | undefined; children?: ReactNode; }'.
  Property 'title' does not exist on type 'IntrinsicAttributes & { label: string; value: ReactNode; icon?: string | undefined; variant?: "primary" | "secondary" | "success" | "info" | "danger" | "warning" | undefined; loading?: boolean | undefined; onClick?: (() => void) | undefined; className?: string | undefined; children?: ReactNode; }'.
app/clinic/settlements/page.tsx(300,13): error TS2322: Type '{ columns: ({ key: string; label: string; render: (record: SettlementRecord) => Element; } | { key: string; label: string; render: (record: SettlementRecord) => string; })[]; data: SettlementRecord[]; loading: boolean; searchPlaceholder: string; }' is not assignable to type 'IntrinsicAttributes & { children: ReactNode; loading?: boolean | undefined; emptyState?: ReactNode; className?: string | undefined; }'.
  Property 'columns' does not exist on type 'IntrinsicAttributes & { children: ReactNode; loading?: boolean | undefined; emptyState?: ReactNode; className?: string | undefined; }'.
app/clinic/settlements/page.tsx(387,13): error TS2322: Type '{ columns: ({ key: string; label: string; render: (adj: AdjustmentRecord) => Element; } | { key: string; label: string; render: (adj: AdjustmentRecord) => string; })[]; data: AdjustmentRecord[]; loading: boolean; searchPlaceholder: string; }' is not assignable to type 'IntrinsicAttributes & { children: ReactNode; loading?: boolean | undefined; emptyState?: ReactNode; className?: string | undefined; }'.
  Property 'columns' does not exist on type 'IntrinsicAttributes & { children: ReactNode; loading?: boolean | undefined; emptyState?: ReactNode; className?: string | undefined; }'.
app/doctor/(larkon)/appointments/[id]/page.tsx(29,35): error TS7016: Could not find a declaration file for module '@/lib/clinicNotFoundHelpers'. 'D:/BPA_Data/bpa_web/lib/clinicNotFoundHelpers.js' implicitly has an 'any' type.
app/doctor/(larkon)/appointments/[id]/page.tsx(60,23): error TS2551: Property 'petId' does not exist on type 'AppointmentDetailForSnapshot & { events?: { id: number; eventType?: string | undefined; createdAt?: string | undefined; }[] | undefined; previousVisits?: unknown[] | undefined; }'. Did you mean 'pet'?
app/doctor/(larkon)/appointments/[id]/page.tsx(63,41): error TS2551: Property 'petId' does not exist on type 'AppointmentDetailForSnapshot & { events?: { id: number; eventType?: string | undefined; createdAt?: string | undefined; }[] | undefined; previousVisits?: unknown[] | undefined; }'. Did you mean 'pet'?
app/doctor/(larkon)/appointments/[id]/page.tsx(73,20): error TS2551: Property 'petId' does not exist on type 'AppointmentDetailForSnapshot & { events?: { id: number; eventType?: string | undefined; createdAt?: string | undefined; }[] | undefined; previousVisits?: unknown[] | undefined; }'. Did you mean 'pet'?
app/doctor/(larkon)/appointments/[id]/page.tsx(80,22): error TS2551: Property 'petId' does not exist on type 'AppointmentDetailForSnapshot & { events?: { id: number; eventType?: string | undefined; createdAt?: string | undefined; }[] | undefined; previousVisits?: unknown[] | undefined; }'. Did you mean 'pet'?
app/doctor/(larkon)/appointments/[id]/page.tsx(82,20): error TS2551: Property 'petId' does not exist on type 'AppointmentDetailForSnapshot & { events?: { id: number; eventType?: string | undefined; createdAt?: string | undefined; }[] | undefined; previousVisits?: unknown[] | undefined; }'. Did you mean 'pet'?
app/doctor/(larkon)/appointments/[id]/page.tsx(86,22): error TS2551: Property 'petId' does not exist on type 'AppointmentDetailForSnapshot & { events?: { id: number; eventType?: string | undefined; createdAt?: string | undefined; }[] | undefined; previousVisits?: unknown[] | undefined; }'. Did you mean 'pet'?
app/doctor/(larkon)/appointments/[id]/page.tsx(87,50): error TS2551: Property 'petId' does not exist on type 'AppointmentDetailForSnapshot & { events?: { id: number; eventType?: string | undefined; createdAt?: string | undefined; }[] | undefined; previousVisits?: unknown[] | undefined; }'. Did you mean 'pet'?
app/doctor/(larkon)/appointments/[id]/page.tsx(107,43): error TS2339: Property 'status' does not exist on type 'AppointmentDetailForSnapshot & { events?: { id: number; eventType?: string | undefined; createdAt?: string | undefined; }[] | undefined; previousVisits?: unknown[] | undefined; }'.
app/doctor/(larkon)/appointments/[id]/page.tsx(248,22): error TS2339: Property 'status' does not exist on type 'AppointmentDetailForSnapshot & { events?: { id: number; eventType?: string | undefined; createdAt?: string | undefined; }[] | undefined; previousVisits?: unknown[] | undefined; }'.
app/doctor/(larkon)/appointments/[id]/page.tsx(250,22): error TS2339: Property 'visit' does not exist on type 'AppointmentDetailForSnapshot & { events?: { id: number; eventType?: string | undefined; createdAt?: string | undefined; }[] | undefined; previousVisits?: unknown[] | undefined; }'.
app/doctor/(larkon)/appointments/[id]/page.tsx(250,48): error TS2339: Property 'visit' does not exist on type 'AppointmentDetailForSnapshot & { events?: { id: number; eventType?: string | undefined; createdAt?: string | undefined; }[] | undefined; previousVisits?: unknown[] | undefined; }'.
app/doctor/(larkon)/appointments/[id]/page.tsx(250,80): error TS2339: Property 'visit' does not exist on type 'AppointmentDetailForSnapshot & { events?: { id: number; eventType?: string | undefined; createdAt?: string | undefined; }[] | undefined; previousVisits?: unknown[] | undefined; }'.
app/doctor/(larkon)/appointments/[id]/page.tsx(250,91): error TS2339: Property 'visit' does not exist on type 'AppointmentDetailForSnapshot & { events?: { id: number; eventType?: string | undefined; createdAt?: string | undefined; }[] | undefined; previousVisits?: unknown[] | undefined; }'.
app/doctor/(larkon)/appointments/[id]/page.tsx(306,45): error TS2339: Property 'priority' does not exist on type 'AppointmentDetailForSnapshot & { events?: { id: number; eventType?: string | undefined; createdAt?: string | undefined; }[] | undefined; previousVisits?: unknown[] | undefined; }'.
app/doctor/(larkon)/appointments/[id]/page.tsx(332,36): error TS2339: Property 'allergies' does not exist on type '{ name?: string | undefined; sex?: string | undefined; dateOfBirth?: string | null | undefined; uniquePetId?: string | null | undefined; animalType?: { name?: string | undefined; } | undefined; breed?: { ...; } | undefined; weights?: { ...; }[] | undefined; }'.
app/doctor/(larkon)/appointments/[id]/page.tsx(333,42): error TS2339: Property 'healthDisorders' does not exist on type '{ name?: string | undefined; sex?: string | undefined; dateOfBirth?: string | null | undefined; uniquePetId?: string | null | undefined; animalType?: { name?: string | undefined; } | undefined; breed?: { ...; } | undefined; weights?: { ...; }[] | undefined; }'.
app/doctor/(larkon)/appointments/[id]/page.tsx(334,33): error TS2339: Property 'priority' does not exist on type 'AppointmentDetailForSnapshot & { events?: { id: number; eventType?: string | undefined; createdAt?: string | undefined; }[] | undefined; previousVisits?: unknown[] | undefined; }'.
app/doctor/(larkon)/appointments/[id]/page.tsx(337,25): error TS2339: Property 'allergies' does not exist on type '{ name?: string | undefined; sex?: string | undefined; dateOfBirth?: string | null | undefined; uniquePetId?: string | null | undefined; animalType?: { name?: string | undefined; } | undefined; breed?: { ...; } | undefined; weights?: { ...; }[] | undefined; }'.
app/doctor/(larkon)/appointments/[id]/page.tsx(337,55): error TS2339: Property 'healthDisorders' does not exist on type '{ name?: string | undefined; sex?: string | undefined; dateOfBirth?: string | null | undefined; uniquePetId?: string | null | undefined; animalType?: { name?: string | undefined; } | undefined; breed?: { ...; } | undefined; weights?: { ...; }[] | undefined; }'.
app/doctor/(larkon)/appointments/[id]/page.tsx(337,77): error TS2339: Property 'priority' does not exist on type 'AppointmentDetailForSnapshot & { events?: { id: number; eventType?: string | undefined; createdAt?: string | undefined; }[] | undefined; previousVisits?: unknown[] | undefined; }'.
app/doctor/(larkon)/appointments/[id]/page.tsx(337,106): error TS2869: Right operand of ?? is unreachable because the left operand is never nullish.
app/doctor/(larkon)/appointments/[id]/page.tsx(350,17): error TS2322: Type '{ vaccinations?: unknown[] | undefined; } | undefined' is not assignable to type 'HistoryPet | null | undefined'.
  Type '{ vaccinations?: unknown[] | undefined; }' is not assignable to type 'HistoryPet'.
    Types of property 'vaccinations' are incompatible.
      Type 'unknown[] | undefined' is not assignable to type '{ vaccineType?: { name?: string | undefined; } | undefined; administeredAt?: string | undefined; }[] | undefined'.
        Type 'unknown[]' is not assignable to type '{ vaccineType?: { name?: string | undefined; } | undefined; administeredAt?: string | undefined; }[]'.
          Type 'unknown' is not assignable to type '{ vaccineType?: { name?: string | undefined; } | undefined; administeredAt?: string | undefined; }'.
app/doctor/(larkon)/appointments/[id]/page.tsx(375,17): error TS2322: Type '(data: { scheduledStartAt: string; scheduledEndAt: string; }) => Promise<void>' is not assignable to type '(id: number, data: { scheduledStartAt: string; scheduledEndAt: string; }) => void'.
  Types of parameters 'data' and 'id' are incompatible.
    Type 'number' is not assignable to type '{ scheduledStartAt: string; scheduledEndAt: string; }'.
app/doctor/(larkon)/appointments/_components/DoctorAppointmentDrawer.tsx(88,21): error TS2339: Property 'status' does not exist on type 'AppointmentDetailForSnapshot & { events?: { id: number; eventType?: string | undefined; createdAt?: string | undefined; }[] | undefined; }'.
app/doctor/(larkon)/appointments/_components/DoctorAppointmentDrawer.tsx(123,36): error TS2339: Property 'allergies' does not exist on type '{ name?: string | undefined; sex?: string | undefined; dateOfBirth?: string | null | undefined; uniquePetId?: string | null | undefined; animalType?: { name?: string | undefined; } | undefined; breed?: { ...; } | undefined; weights?: { ...; }[] | undefined; }'.
app/doctor/(larkon)/appointments/_components/DoctorAppointmentDrawer.tsx(124,42): error TS2339: Property 'healthDisorders' does not exist on type '{ name?: string | undefined; sex?: string | undefined; dateOfBirth?: string | null | undefined; uniquePetId?: string | null | undefined; animalType?: { name?: string | undefined; } | undefined; breed?: { ...; } | undefined; weights?: { ...; }[] | undefined; }'.
app/doctor/(larkon)/appointments/_components/DoctorAppointmentDrawer.tsx(125,33): error TS2339: Property 'priority' does not exist on type 'AppointmentDetailForSnapshot & { events?: { id: number; eventType?: string | undefined; createdAt?: string | undefined; }[] | undefined; }'.
app/doctor/(larkon)/appointments/_components/DoctorAppointmentDrawer.tsx(126,49): error TS2339: Property 'previousVisits' does not exist on type 'AppointmentDetailForSnapshot & { events?: { id: number; eventType?: string | undefined; createdAt?: string | undefined; }[] | undefined; }'.
app/doctor/(larkon)/appointments/_components/DoctorAppointmentDrawer.tsx(126,71): error TS2339: Property 'previousVisits' does not exist on type 'AppointmentDetailForSnapshot & { events?: { id: number; eventType?: string | undefined; createdAt?: string | undefined; }[] | undefined; }'.
app/doctor/(larkon)/appointments/_components/DoctorAppointmentDrawer.tsx(130,17): error TS2322: Type '{ vaccinations?: unknown[] | undefined; } | undefined' is not assignable to type 'HistoryPet | null | undefined'.
  Type '{ vaccinations?: unknown[] | undefined; }' is not assignable to type 'HistoryPet'.
    Types of property 'vaccinations' are incompatible.
      Type 'unknown[] | undefined' is not assignable to type '{ vaccineType?: { name?: string | undefined; } | undefined; administeredAt?: string | undefined; }[] | undefined'.
        Type 'unknown[]' is not assignable to type '{ vaccineType?: { name?: string | undefined; } | undefined; administeredAt?: string | undefined; }[]'.
          Type 'unknown' is not assignable to type '{ vaccineType?: { name?: string | undefined; } | undefined; administeredAt?: string | undefined; }'.
app/doctor/(larkon)/visits/[id]/page.tsx(26,35): error TS7016: Could not find a declaration file for module '@/lib/clinicNotFoundHelpers'. 'D:/BPA_Data/bpa_web/lib/clinicNotFoundHelpers.js' implicitly has an 'any' type.
app/doctor/(larkon)/visits/[id]/page.tsx(458,15): error TS2322: Type '{ vaccinations?: unknown[] | undefined; } | undefined' is not assignable to type 'HistoryPet | null | undefined'.
  Type '{ vaccinations?: unknown[] | undefined; }' is not assignable to type 'HistoryPet'.
    Types of property 'vaccinations' are incompatible.
      Type 'unknown[] | undefined' is not assignable to type '{ vaccineType?: { name?: string | undefined; } | undefined; administeredAt?: string | undefined; }[] | undefined'.
        Type 'unknown[]' is not assignable to type '{ vaccineType?: { name?: string | undefined; } | undefined; administeredAt?: string | undefined; }[]'.
          Type 'unknown' is not assignable to type '{ vaccineType?: { name?: string | undefined; } | undefined; administeredAt?: string | undefined; }'.
app/doctor/earnings/page.tsx(163,17): error TS2322: Type '{ title: string; value: string; icon: string; color: string; }' is not assignable to type 'IntrinsicAttributes & { label: string; value: ReactNode; icon?: string | undefined; variant?: "primary" | "secondary" | "success" | "info" | "danger" | "warning" | undefined; loading?: boolean | undefined; onClick?: (() => void) | undefined; className?: string | undefined; children?: ReactNode; }'.
  Property 'title' does not exist on type 'IntrinsicAttributes & { label: string; value: ReactNode; icon?: string | undefined; variant?: "primary" | "secondary" | "success" | "info" | "danger" | "warning" | undefined; loading?: boolean | undefined; onClick?: (() => void) | undefined; className?: string | undefined; children?: ReactNode; }'.
app/doctor/earnings/page.tsx(171,17): error TS2322: Type '{ title: string; value: string; icon: string; color: string; }' is not assignable to type 'IntrinsicAttributes & { label: string; value: ReactNode; icon?: string | undefined; variant?: "primary" | "secondary" | "success" | "info" | "danger" | "warning" | undefined; loading?: boolean | undefined; onClick?: (() => void) | undefined; className?: string | undefined; children?: ReactNode; }'.
  Property 'title' does not exist on type 'IntrinsicAttributes & { label: string; value: ReactNode; icon?: string | undefined; variant?: "primary" | "secondary" | "success" | "info" | "danger" | "warning" | undefined; loading?: boolean | undefined; onClick?: (() => void) | undefined; className?: string | undefined; children?: ReactNode; }'.
app/doctor/earnings/page.tsx(179,17): error TS2322: Type '{ title: string; value: string; icon: string; color: string; }' is not assignable to type 'IntrinsicAttributes & { label: string; value: ReactNode; icon?: string | undefined; variant?: "primary" | "secondary" | "success" | "info" | "danger" | "warning" | undefined; loading?: boolean | undefined; onClick?: (() => void) | undefined; className?: string | undefined; children?: ReactNode; }'.
  Property 'title' does not exist on type 'IntrinsicAttributes & { label: string; value: ReactNode; icon?: string | undefined; variant?: "primary" | "secondary" | "success" | "info" | "danger" | "warning" | undefined; loading?: boolean | undefined; onClick?: (() => void) | undefined; className?: string | undefined; children?: ReactNode; }'.
app/doctor/earnings/page.tsx(187,17): error TS2322: Type '{ title: string; value: string; icon: string; color: string; }' is not assignable to type 'IntrinsicAttributes & { label: string; value: ReactNode; icon?: string | undefined; variant?: "primary" | "secondary" | "success" | "info" | "danger" | "warning" | undefined; loading?: boolean | undefined; onClick?: (() => void) | undefined; className?: string | undefined; children?: ReactNode; }'.
  Property 'title' does not exist on type 'IntrinsicAttributes & { label: string; value: ReactNode; icon?: string | undefined; variant?: "primary" | "secondary" | "success" | "info" | "danger" | "warning" | undefined; loading?: boolean | undefined; onClick?: (() => void) | undefined; className?: string | undefined; children?: ReactNode; }'.
app/doctor/emergency/page.tsx(311,13): error TS2322: Type '{ columns: ({ key: string; label: string; render: (avail: EmergencyAvailability) => string; } | { key: string; label: string; render: (avail: EmergencyAvailability) => Element; })[]; data: EmergencyAvailability[]; loading: boolean; searchPlaceholder: string; }' is not assignable to type 'IntrinsicAttributes & { children: ReactNode; loading?: boolean | undefined; emptyState?: ReactNode; className?: string | undefined; }'.
  Property 'columns' does not exist on type 'IntrinsicAttributes & { children: ReactNode; loading?: boolean | undefined; emptyState?: ReactNode; className?: string | undefined; }'.
app/doctor/emergency/page.tsx(329,13): error TS2322: Type '{ columns: { key: string; label: string; render: (quote: CustomQuote) => string | Element; }[]; data: CustomQuote[]; loading: boolean; searchPlaceholder: string; }' is not assignable to type 'IntrinsicAttributes & { children: ReactNode; loading?: boolean | undefined; emptyState?: ReactNode; className?: string | undefined; }'.
  Property 'columns' does not exist on type 'IntrinsicAttributes & { children: ReactNode; loading?: boolean | undefined; emptyState?: ReactNode; className?: string | undefined; }'.
app/doctor/services-management/page.tsx(292,13): error TS2322: Type '{ columns: ({ key: string; label: string; render: (service: DoctorService) => Element; } | { key: string; label: string; render: (service: DoctorService) => string; })[]; data: DoctorService[]; loading: boolean; searchPlaceholder: string; }' is not assignable to type 'IntrinsicAttributes & { children: ReactNode; loading?: boolean | undefined; emptyState?: ReactNode; className?: string | undefined; }'.
  Property 'columns' does not exist on type 'IntrinsicAttributes & { children: ReactNode; loading?: boolean | undefined; emptyState?: ReactNode; className?: string | undefined; }'.
app/doctor/services-management/page.tsx(310,13): error TS2322: Type '{ columns: ({ key: string; label: string; render: (request: FeeRequest) => Element; } | { key: string; label: string; render: (request: FeeRequest) => string; })[]; data: FeeRequest[]; loading: boolean; searchPlaceholder: string; }' is not assignable to type 'IntrinsicAttributes & { children: ReactNode; loading?: boolean | undefined; emptyState?: ReactNode; className?: string | undefined; }'.
  Property 'columns' does not exist on type 'IntrinsicAttributes & { children: ReactNode; loading?: boolean | undefined; emptyState?: ReactNode; className?: string | undefined; }'.
app/owner/(larkon)/clinic/[branchId]/appointments/page.tsx(396,29): error TS2345: Argument of type 'unknown[]' is not assignable to parameter of type 'SetStateAction<{ start: string; end: string; doctorId?: number | undefined; }[]>'.
  Type 'unknown[]' is not assignable to type '{ start: string; end: string; doctorId?: number | undefined; }[]'.
    Type 'unknown' is not assignable to type '{ start: string; end: string; doctorId?: number | undefined; }'.
app/owner/(larkon)/clinic/[branchId]/doctors/[memberId]/page.tsx(883,68): error TS2322: Type 'string | null' is not assignable to type 'string | undefined'.
  Type 'null' is not assignable to type 'string | undefined'.
app/owner/(larkon)/clinic/[branchId]/inventory/page.tsx(392,29): error TS2322: Type 'unknown' is not assignable to type 'ReactNode'.
app/owner/(larkon)/clinic/[branchId]/inventory/page.tsx(393,29): error TS2322: Type 'unknown' is not assignable to type 'ReactNode'.
app/owner/(larkon)/clinic/[branchId]/inventory/page.tsx(558,27): error TS2322: Type 'unknown' is not assignable to type 'ReactNode'.
app/owner/(larkon)/clinic/[branchId]/inventory/page.tsx(559,27): error TS2322: Type 'unknown' is not assignable to type 'ReactNode'.
app/owner/(larkon)/clinic/[branchId]/packages/[packageId]/edit/page.tsx(207,44): error TS2345: Argument of type '(r: { items?: Array<{ id: number; name: string; category?: string; }>; }) => { id: number; name: string; category?: string; }[]' is not assignable to parameter of type '(value: { success?: boolean | undefined; items?: unknown[] | undefined; pagination?: { page: number; limit: number; total: number; totalPages: number; } | undefined; }) => { id: number; name: string; category?: string | undefined; }[] | PromiseLike<...>'.
  Types of parameters 'r' and 'value' are incompatible.
    Type '{ success?: boolean | undefined; items?: unknown[] | undefined; pagination?: { page: number; limit: number; total: number; totalPages: number; } | undefined; }' is not assignable to type '{ items?: { id: number; name: string; category?: string | undefined; }[] | undefined; }'.
      Types of property 'items' are incompatible.
        Type 'unknown[] | undefined' is not assignable to type '{ id: number; name: string; category?: string | undefined; }[] | undefined'.
          Type 'unknown[]' is not assignable to type '{ id: number; name: string; category?: string | undefined; }[]'.
            Type 'unknown' is not assignable to type '{ id: number; name: string; category?: string | undefined; }'.
app/owner/(larkon)/clinic/[branchId]/page.tsx(44,41): error TS2345: Argument of type 'string | undefined' is not assignable to parameter of type 'string | number'.
  Type 'undefined' is not assignable to type 'string | number'.
app/owner/(larkon)/clinic/[branchId]/schedule/exceptions/page.tsx(45,21): error TS2345: Argument of type 'unknown[]' is not assignable to parameter of type 'SetStateAction<ExceptionItem[]>'.
  Type 'unknown[]' is not assignable to type 'ExceptionItem[]'.
    Type 'unknown' is not assignable to type 'ExceptionItem'.
app/owner/(larkon)/clinic/[branchId]/schedule/page.tsx(157,9): error TS2322: Type '{ branchMemberId: number; dayOfWeek: number; startTime: string; endTime: string; slotMinutes: number; }[]' is not assignable to type 'DoctorScheduleTemplateRow[]'.
  Type '{ branchMemberId: number; dayOfWeek: number; startTime: string; endTime: string; slotMinutes: number; }' is missing the following properties from type 'DoctorScheduleTemplateRow': id, status
app/owner/(larkon)/clinic/[branchId]/schedule/page.tsx(164,9): error TS2322: Type 'unknown[]' is not assignable to type 'RoomScheduleTemplateRow[]'.
  Type 'unknown' is not assignable to type 'RoomScheduleTemplateRow'.
app/owner/(larkon)/clinic/[branchId]/services/[serviceId]/edit/page.tsx(60,47): error TS2345: Argument of type 'string | undefined' is not assignable to parameter of type 'string | number'.
  Type 'undefined' is not assignable to type 'string | number'.
app/owner/(larkon)/clinic/[branchId]/services/[serviceId]/edit/page.tsx(62,50): error TS2345: Argument of type 'string | undefined' is not assignable to parameter of type 'string'.
  Type 'undefined' is not assignable to type 'string'.
app/owner/(larkon)/clinic/[branchId]/settings/page.tsx(66,31): error TS2345: Argument of type 'string | undefined' is not assignable to parameter of type 'string | number'.
  Type 'undefined' is not assignable to type 'string | number'.
app/owner/(larkon)/clinic/[branchId]/settings/page.tsx(67,32): error TS2345: Argument of type 'string | undefined' is not assignable to parameter of type 'string | number'.
  Type 'undefined' is not assignable to type 'string | number'.
app/owner/(larkon)/clinic/[branchId]/settings/page.tsx(68,28): error TS2345: Argument of type 'string | undefined' is not assignable to parameter of type 'string | number'.
  Type 'undefined' is not assignable to type 'string | number'.
app/owner/(larkon)/clinic/[branchId]/settings/page.tsx(130,49): error TS7006: Parameter 's' implicitly has an 'any' type.
app/owner/(larkon)/clinic/[branchId]/settlement-batches/[batchId]/page.tsx(130,52): error TS2322: Type '{}' is not assignable to type 'ReactNode'.
app/owner/(larkon)/clinic/[branchId]/staff/[memberId]/page.tsx(43,55): error TS2345: Argument of type 'string | undefined' is not assignable to parameter of type 'string | number'.
  Type 'undefined' is not assignable to type 'string | number'.
app/owner/(larkon)/clinic/[branchId]/staff/page.tsx(43,45): error TS2345: Argument of type 'string | undefined' is not assignable to parameter of type 'string | number'.
  Type 'undefined' is not assignable to type 'string | number'.
app/owner/(larkon)/pets/[id]/page.tsx(72,12): error TS5076: '||' and '??' operations cannot be mixed without parentheses.
app/owner/_components/clinic/catalog/CatalogItemsTable.tsx(4,28): error TS7016: Could not find a declaration file for module '@/app/owner/_components/shared/ActionDropdown'. 'D:/BPA_Data/bpa_web/app/owner/_components/shared/ActionDropdown.jsx' implicitly has an 'any' type.
app/owner/_components/clinic/catalog/CatalogItemsTable.tsx(105,53): error TS7006: Parameter '_e' implicitly has an 'any' type.
app/owner/_components/clinic/catalog/CatalogItemsTable.tsx(105,57): error TS7006: Parameter 'it' implicitly has an 'any' type.
app/owner/_components/clinic/catalog/CatalogItemsTable.tsx(107,58): error TS7006: Parameter '_e' implicitly has an 'any' type.
app/owner/_components/clinic/catalog/CatalogItemsTable.tsx(107,62): error TS7006: Parameter 'it' implicitly has an 'any' type.
app/owner/_components/clinic/catalog/CatalogItemsTable.tsx(108,56): error TS7006: Parameter '_e' implicitly has an 'any' type.
app/owner/_components/clinic/catalog/CatalogItemsTable.tsx(108,60): error TS7006: Parameter 'it' implicitly has an 'any' type.
app/owner/_components/clinic/catalog/CatalogItemsTable.tsx(109,51): error TS7006: Parameter '_e' implicitly has an 'any' type.
app/owner/_components/clinic/catalog/CatalogItemsTable.tsx(109,55): error TS7006: Parameter 'it' implicitly has an 'any' type.
app/owner/_components/clinic/ClinicAllDoctors.tsx(49,3): error TS2322: Type '({ id: number; name: string; orgId: number | undefined; orgName: string; } | null)[]' is not assignable to type 'ClinicBranch[]'.
  Type '{ id: number; name: string; orgId: number | undefined; orgName: string; } | null' is not assignable to type 'ClinicBranch'.
    Type 'null' is not assignable to type 'ClinicBranch'.
app/owner/_components/clinic/ClinicAllDoctors.tsx(67,27): error TS2677: A type predicate's type must be assignable to its parameter's type.
  Type 'ClinicBranch' is not assignable to type '{ id: number; name: string; orgId: number | undefined; orgName: string; }'.
    Property 'orgId' is optional in type 'ClinicBranch' but required in type '{ id: number; name: string; orgId: number | undefined; orgName: string; }'.
app/owner/_lib/ownerApi.ts(1227,3): error TS2322: Type '{} | null' is not assignable to type '{ [k: string]: unknown; branch?: { id: number; name: string; } | undefined; profile?: Record<string, unknown> | undefined; serviceFees?: { id: number; serviceId: number; serviceName?: string | undefined; ... 4 more ...; notes?: string | ... 1 more ... | undefined; }[] | undefined; scheduleTemplates?: unknown[] | und...'.
  Type '{}' is not assignable to type '{ [k: string]: unknown; branch?: { id: number; name: string; } | undefined; profile?: Record<string, unknown> | undefined; serviceFees?: { id: number; serviceId: number; serviceName?: string | undefined; ... 4 more ...; notes?: string | ... 1 more ... | undefined; }[] | undefined; scheduleTemplates?: unknown[] | und...'.
    Index signature for type 'string' is missing in type '{}'.
app/owner/_lib/ownerApi.ts(1288,5): error TS2322: Type '{} | null' is not assignable to type 'Record<string, unknown> | null'.
  Type '{}' is not assignable to type 'Record<string, unknown>'.
    Index signature for type 'string' is missing in type '{}'.
app/owner/_lib/ownerApi.ts(1291,3): error TS2322: Type '{} | null' is not assignable to type 'Record<string, unknown> | null'.
  Type '{}' is not assignable to type 'Record<string, unknown>'.
    Index signature for type 'string' is missing in type '{}'.
app/owner/_lib/ownerApi.ts(1371,3): error TS2322: Type '{} | null' is not assignable to type 'Record<string, unknown> | null'.
  Type '{}' is not assignable to type 'Record<string, unknown>'.
    Index signature for type 'string' is missing in type '{}'.
app/owner/_lib/ownerApi.ts(1378,3): error TS2322: Type '{} | null' is not assignable to type 'Record<string, unknown> | null'.
  Type '{}' is not assignable to type 'Record<string, unknown>'.
    Index signature for type 'string' is missing in type '{}'.
app/owner/_lib/ownerApi.ts(1407,3): error TS2322: Type '{} | null' is not assignable to type 'Record<string, unknown> | null'.
  Type '{}' is not assignable to type 'Record<string, unknown>'.
    Index signature for type 'string' is missing in type '{}'.
app/owner/_lib/ownerApi.ts(1421,3): error TS2322: Type '{} | null' is not assignable to type 'Record<string, unknown> | null'.
  Type '{}' is not assignable to type 'Record<string, unknown>'.
    Index signature for type 'string' is missing in type '{}'.
app/owner/_lib/ownerApi.ts(1463,3): error TS2322: Type '{} | null' is not assignable to type 'Record<string, unknown> | null'.
  Type '{}' is not assignable to type 'Record<string, unknown>'.
    Index signature for type 'string' is missing in type '{}'.
app/owner/_lib/ownerApi.ts(1626,3): error TS2322: Type '{} | null' is not assignable to type 'Record<string, unknown> | null'.
  Type '{}' is not assignable to type 'Record<string, unknown>'.
    Index signature for type 'string' is missing in type '{}'.
app/owner/_lib/ownerApi.ts(2057,3): error TS2322: Type '{} | null' is not assignable to type 'Record<string, unknown> | null'.
  Type '{}' is not assignable to type 'Record<string, unknown>'.
    Index signature for type 'string' is missing in type '{}'.
app/owner/_lib/ownerApi.ts(2278,3): error TS2322: Type '{} | null' is not assignable to type 'Record<string, unknown> | null'.
  Type '{}' is not assignable to type 'Record<string, unknown>'.
    Index signature for type 'string' is missing in type '{}'.
app/owner/kyc/_components/KycAddressForm.tsx(55,9): error TS1117: An object literal cannot have multiple properties with the same name.
app/owner/onboarding/page.tsx(54,22): error TS2345: Argument of type 'number' is not assignable to parameter of type 'SetStateAction<0>'.
app/owner/onboarding/page.tsx(75,26): error TS2345: Argument of type '1' is not assignable to parameter of type 'SetStateAction<0>'.
app/owner/onboarding/page.tsx(88,37): error TS2345: Argument of type 'OrganizationDraft' is not assignable to parameter of type 'Record<string, unknown>'.
  Index signature for type 'string' is missing in type 'OrganizationDraft'.
app/owner/onboarding/page.tsx(89,20): error TS2345: Argument of type '2' is not assignable to parameter of type 'SetStateAction<0>'.
app/owner/onboarding/page.tsx(98,31): error TS2345: Argument of type 'BranchDraft' is not assignable to parameter of type 'Record<string, unknown>'.
  Index signature for type 'string' is missing in type 'BranchDraft'.
app/owner/onboarding/page.tsx(99,20): error TS2345: Argument of type '3' is not assignable to parameter of type 'SetStateAction<0>'.
app/owner/onboarding/page.tsx(114,22): error TS2345: Argument of type '4' is not assignable to parameter of type 'SetStateAction<0>'.
app/owner/onboarding/page.tsx(128,9): error TS2367: This comparison appears to be unintentional because the types '0' and '1' have no overlap.
app/owner/onboarding/page.tsx(130,16): error TS2367: This comparison appears to be unintentional because the types '0' and '2' have no overlap.
app/owner/onboarding/page.tsx(131,22): error TS2345: Argument of type '1' is not assignable to parameter of type 'SetStateAction<0>'.
app/owner/onboarding/page.tsx(132,16): error TS2367: This comparison appears to be unintentional because the types '0' and '3' have no overlap.
app/owner/onboarding/page.tsx(133,22): error TS2345: Argument of type '2' is not assignable to parameter of type 'SetStateAction<0>'.
app/owner/onboarding/page.tsx(170,7): error TS2367: This comparison appears to be unintentional because the types '0' and '4' have no overlap.
app/owner/onboarding/page.tsx(281,18): error TS2367: This comparison appears to be unintentional because the types '0' and '1' have no overlap.
app/owner/onboarding/page.tsx(290,18): error TS2367: This comparison appears to be unintentional because the types '0' and '2' have no overlap.
app/owner/onboarding/page.tsx(299,18): error TS2367: This comparison appears to be unintentional because the types '0' and '3' have no overlap.
app/owner/onboarding/page.tsx(303,62): error TS2345: Argument of type '1' is not assignable to parameter of type 'SetStateAction<0>'.
app/owner/onboarding/page.tsx(304,56): error TS2345: Argument of type '2' is not assignable to parameter of type 'SetStateAction<0>'.
app/post-auth-landing/page.tsx(211,88): error TS2339: Property 'message' does not exist on type '{}'.
app/staff/(larkon)/branch/[branchId]/clinic/analytics/page.tsx(7,26): error TS7016: Could not find a declaration file for module '@/src/components/branch/BranchHeader'. 'D:/BPA_Data/bpa_web/src/components/branch/BranchHeader.jsx' implicitly has an 'any' type.
app/staff/(larkon)/branch/[branchId]/clinic/analytics/page.tsx(8,26): error TS7016: Could not find a declaration file for module '@/src/components/branch/AccessDenied'. 'D:/BPA_Data/bpa_web/src/components/branch/AccessDenied.jsx' implicitly has an 'any' type.
app/staff/(larkon)/branch/[branchId]/clinic/appointments/_components/CreateAppointmentWizard.tsx(279,7): error TS2322: Type 'number | "auto" | null' is not assignable to type 'number | null | undefined'.
  Type 'string' is not assignable to type 'number'.
app/staff/(larkon)/branch/[branchId]/clinic/appointments/_components/CreateAppointmentWizard.tsx(421,17): error TS2322: Type '{ doctorId: number; doctorName: string; specializationTags?: string[] | undefined; defaultConsultationFee?: number | undefined; serviceFee?: number | undefined; durationMin?: number | undefined; }[]' is not assignable to type 'EligibleDoctor[]'.
  Type '{ doctorId: number; doctorName: string; specializationTags?: string[] | undefined; defaultConsultationFee?: number | undefined; serviceFee?: number | undefined; durationMin?: number | undefined; }' is not assignable to type 'EligibleDoctor'.
    Types of property 'specializationTags' are incompatible.
      Type 'string[] | undefined' is not assignable to type 'string[] | null'.
        Type 'undefined' is not assignable to type 'string[] | null'.
app/staff/(larkon)/branch/[branchId]/clinic/appointments/new/page.tsx(20,26): error TS7016: Could not find a declaration file for module '@/src/components/branch/BranchHeader'. 'D:/BPA_Data/bpa_web/src/components/branch/BranchHeader.jsx' implicitly has an 'any' type.
app/staff/(larkon)/branch/[branchId]/clinic/appointments/new/page.tsx(21,26): error TS7016: Could not find a declaration file for module '@/src/components/branch/AccessDenied'. 'D:/BPA_Data/bpa_web/src/components/branch/AccessDenied.jsx' implicitly has an 'any' type.
app/staff/(larkon)/branch/[branchId]/clinic/appointments/new/page.tsx(31,48): error TS7016: Could not find a declaration file for module '@/lib/staffClinicPatientRoutes'. 'D:/BPA_Data/bpa_web/lib/staffClinicPatientRoutes.js' implicitly has an 'any' type.
app/staff/(larkon)/branch/[branchId]/clinic/appointments/new/page.tsx(616,52): error TS2339: Property 'name' does not exist on type 'PackageItem & { serviceId?: number | undefined; }'.
app/staff/(larkon)/branch/[branchId]/clinic/appointments/new/page.tsx(626,17): error TS2322: Type '{ doctorId: number; doctorName: string; specializationTags?: string[] | undefined; defaultConsultationFee?: number | undefined; serviceFee?: number | undefined; durationMin?: number | undefined; }[]' is not assignable to type 'EligibleDoctor[]'.
  Type '{ doctorId: number; doctorName: string; specializationTags?: string[] | undefined; defaultConsultationFee?: number | undefined; serviceFee?: number | undefined; durationMin?: number | undefined; }' is not assignable to type 'EligibleDoctor'.
    Types of property 'specializationTags' are incompatible.
      Type 'string[] | undefined' is not assignable to type 'string[] | null'.
        Type 'undefined' is not assignable to type 'string[] | null'.
app/staff/(larkon)/branch/[branchId]/clinic/billing/page.tsx(7,26): error TS7016: Could not find a declaration file for module '@/src/components/branch/BranchHeader'. 'D:/BPA_Data/bpa_web/src/components/branch/BranchHeader.jsx' implicitly has an 'any' type.
app/staff/(larkon)/branch/[branchId]/clinic/billing/page.tsx(8,26): error TS7016: Could not find a declaration file for module '@/src/components/branch/AccessDenied'. 'D:/BPA_Data/bpa_web/src/components/branch/AccessDenied.jsx' implicitly has an 'any' type.
app/staff/(larkon)/branch/[branchId]/clinic/billing/page.tsx(129,3): error TS2304: Cannot find name 'useEffect'.
app/staff/(larkon)/branch/[branchId]/clinic/catalog/packages/[packageId]/edit/page.tsx(7,26): error TS7016: Could not find a declaration file for module '@/src/components/branch/BranchHeader'. 'D:/BPA_Data/bpa_web/src/components/branch/BranchHeader.jsx' implicitly has an 'any' type.
app/staff/(larkon)/branch/[branchId]/clinic/catalog/packages/[packageId]/edit/page.tsx(8,26): error TS7016: Could not find a declaration file for module '@/src/components/branch/AccessDenied'. 'D:/BPA_Data/bpa_web/src/components/branch/AccessDenied.jsx' implicitly has an 'any' type.
app/staff/(larkon)/branch/[branchId]/clinic/catalog/packages/[packageId]/page.tsx(7,26): error TS7016: Could not find a declaration file for module '@/src/components/branch/BranchHeader'. 'D:/BPA_Data/bpa_web/src/components/branch/BranchHeader.jsx' implicitly has an 'any' type.
app/staff/(larkon)/branch/[branchId]/clinic/catalog/packages/[packageId]/page.tsx(8,26): error TS7016: Could not find a declaration file for module '@/src/components/branch/AccessDenied'. 'D:/BPA_Data/bpa_web/src/components/branch/AccessDenied.jsx' implicitly has an 'any' type.
app/staff/(larkon)/branch/[branchId]/clinic/catalog/page.tsx(7,26): error TS7016: Could not find a declaration file for module '@/src/components/branch/BranchHeader'. 'D:/BPA_Data/bpa_web/src/components/branch/BranchHeader.jsx' implicitly has an 'any' type.
app/staff/(larkon)/branch/[branchId]/clinic/catalog/page.tsx(8,26): error TS7016: Could not find a declaration file for module '@/src/components/branch/AccessDenied'. 'D:/BPA_Data/bpa_web/src/components/branch/AccessDenied.jsx' implicitly has an 'any' type.
app/staff/(larkon)/branch/[branchId]/clinic/catalog/page.tsx(122,30): error TS2339: Property 'name' does not exist on type '{}'.
app/staff/(larkon)/branch/[branchId]/clinic/doctors/approvals/page.tsx(9,26): error TS7016: Could not find a declaration file for module '@/src/components/branch/BranchHeader'. 'D:/BPA_Data/bpa_web/src/components/branch/BranchHeader.jsx' implicitly has an 'any' type.
app/staff/(larkon)/branch/[branchId]/clinic/doctors/approvals/page.tsx(10,26): error TS7016: Could not find a declaration file for module '@/src/components/branch/AccessDenied'. 'D:/BPA_Data/bpa_web/src/components/branch/AccessDenied.jsx' implicitly has an 'any' type.
app/staff/(larkon)/branch/[branchId]/clinic/doctors/assign-existing/page.tsx(8,26): error TS7016: Could not find a declaration file for module '@/src/components/branch/BranchHeader'. 'D:/BPA_Data/bpa_web/src/components/branch/BranchHeader.jsx' implicitly has an 'any' type.
app/staff/(larkon)/branch/[branchId]/clinic/doctors/assign-existing/page.tsx(9,26): error TS7016: Could not find a declaration file for module '@/src/components/branch/AccessDenied'. 'D:/BPA_Data/bpa_web/src/components/branch/AccessDenied.jsx' implicitly has an 'any' type.
app/staff/(larkon)/branch/[branchId]/clinic/doctors/audit-logs/page.tsx(9,26): error TS7016: Could not find a declaration file for module '@/src/components/branch/BranchHeader'. 'D:/BPA_Data/bpa_web/src/components/branch/BranchHeader.jsx' implicitly has an 'any' type.
app/staff/(larkon)/branch/[branchId]/clinic/doctors/audit-logs/page.tsx(10,26): error TS7016: Could not find a declaration file for module '@/src/components/branch/AccessDenied'. 'D:/BPA_Data/bpa_web/src/components/branch/AccessDenied.jsx' implicitly has an 'any' type.
app/staff/(larkon)/branch/[branchId]/clinic/doctors/availability/page.tsx(14,26): error TS7016: Could not find a declaration file for module '@/src/components/branch/BranchHeader'. 'D:/BPA_Data/bpa_web/src/components/branch/BranchHeader.jsx' implicitly has an 'any' type.
app/staff/(larkon)/branch/[branchId]/clinic/doctors/availability/page.tsx(15,26): error TS7016: Could not find a declaration file for module '@/src/components/branch/AccessDenied'. 'D:/BPA_Data/bpa_web/src/components/branch/AccessDenied.jsx' implicitly has an 'any' type.
app/staff/(larkon)/branch/[branchId]/clinic/doctors/certifications/page.tsx(8,26): error TS7016: Could not find a declaration file for module '@/src/components/branch/BranchHeader'. 'D:/BPA_Data/bpa_web/src/components/branch/BranchHeader.jsx' implicitly has an 'any' type.
app/staff/(larkon)/branch/[branchId]/clinic/doctors/certifications/page.tsx(9,26): error TS7016: Could not find a declaration file for module '@/src/components/branch/AccessDenied'. 'D:/BPA_Data/bpa_web/src/components/branch/AccessDenied.jsx' implicitly has an 'any' type.
app/staff/(larkon)/branch/[branchId]/clinic/doctors/credentials/page.tsx(12,26): error TS7016: Could not find a declaration file for module '@/src/components/branch/BranchHeader'. 'D:/BPA_Data/bpa_web/src/components/branch/BranchHeader.jsx' implicitly has an 'any' type.
app/staff/(larkon)/branch/[branchId]/clinic/doctors/credentials/page.tsx(13,26): error TS7016: Could not find a declaration file for module '@/src/components/branch/AccessDenied'. 'D:/BPA_Data/bpa_web/src/components/branch/AccessDenied.jsx' implicitly has an 'any' type.
app/staff/(larkon)/branch/[branchId]/clinic/doctors/invite/page.tsx(8,26): error TS7016: Could not find a declaration file for module '@/src/components/branch/BranchHeader'. 'D:/BPA_Data/bpa_web/src/components/branch/BranchHeader.jsx' implicitly has an 'any' type.
app/staff/(larkon)/branch/[branchId]/clinic/doctors/invite/page.tsx(9,26): error TS7016: Could not find a declaration file for module '@/src/components/branch/AccessDenied'. 'D:/BPA_Data/bpa_web/src/components/branch/AccessDenied.jsx' implicitly has an 'any' type.
app/staff/(larkon)/branch/[branchId]/clinic/doctors/licenses/page.tsx(8,26): error TS7016: Could not find a declaration file for module '@/src/components/branch/BranchHeader'. 'D:/BPA_Data/bpa_web/src/components/branch/BranchHeader.jsx' implicitly has an 'any' type.
app/staff/(larkon)/branch/[branchId]/clinic/doctors/licenses/page.tsx(9,26): error TS7016: Could not find a declaration file for module '@/src/components/branch/AccessDenied'. 'D:/BPA_Data/bpa_web/src/components/branch/AccessDenied.jsx' implicitly has an 'any' type.
app/staff/(larkon)/branch/[branchId]/clinic/doctors/overview/page.tsx(12,26): error TS7016: Could not find a declaration file for module '@/src/components/branch/BranchHeader'. 'D:/BPA_Data/bpa_web/src/components/branch/BranchHeader.jsx' implicitly has an 'any' type.
app/staff/(larkon)/branch/[branchId]/clinic/doctors/overview/page.tsx(13,26): error TS7016: Could not find a declaration file for module '@/src/components/branch/AccessDenied'. 'D:/BPA_Data/bpa_web/src/components/branch/AccessDenied.jsx' implicitly has an 'any' type.
app/staff/(larkon)/branch/[branchId]/clinic/doctors/package-assignment/page.tsx(8,26): error TS7016: Could not find a declaration file for module '@/src/components/branch/BranchHeader'. 'D:/BPA_Data/bpa_web/src/components/branch/BranchHeader.jsx' implicitly has an 'any' type.
app/staff/(larkon)/branch/[branchId]/clinic/doctors/package-assignment/page.tsx(9,26): error TS7016: Could not find a declaration file for module '@/src/components/branch/AccessDenied'. 'D:/BPA_Data/bpa_web/src/components/branch/AccessDenied.jsx' implicitly has an 'any' type.
app/staff/(larkon)/branch/[branchId]/clinic/doctors/page.tsx(15,26): error TS7016: Could not find a declaration file for module '@/src/components/branch/BranchHeader'. 'D:/BPA_Data/bpa_web/src/components/branch/BranchHeader.jsx' implicitly has an 'any' type.
app/staff/(larkon)/branch/[branchId]/clinic/doctors/page.tsx(16,26): error TS7016: Could not find a declaration file for module '@/src/components/branch/AccessDenied'. 'D:/BPA_Data/bpa_web/src/components/branch/AccessDenied.jsx' implicitly has an 'any' type.
app/staff/(larkon)/branch/[branchId]/clinic/doctors/performance/page.tsx(9,26): error TS7016: Could not find a declaration file for module '@/src/components/branch/BranchHeader'. 'D:/BPA_Data/bpa_web/src/components/branch/BranchHeader.jsx' implicitly has an 'any' type.
app/staff/(larkon)/branch/[branchId]/clinic/doctors/performance/page.tsx(10,26): error TS7016: Could not find a declaration file for module '@/src/components/branch/AccessDenied'. 'D:/BPA_Data/bpa_web/src/components/branch/AccessDenied.jsx' implicitly has an 'any' type.
app/staff/(larkon)/branch/[branchId]/clinic/doctors/profile/[doctorId]/page.tsx(19,26): error TS7016: Could not find a declaration file for module '@/src/components/branch/BranchHeader'. 'D:/BPA_Data/bpa_web/src/components/branch/BranchHeader.jsx' implicitly has an 'any' type.
app/staff/(larkon)/branch/[branchId]/clinic/doctors/profile/[doctorId]/page.tsx(20,26): error TS7016: Could not find a declaration file for module '@/src/components/branch/AccessDenied'. 'D:/BPA_Data/bpa_web/src/components/branch/AccessDenied.jsx' implicitly has an 'any' type.
app/staff/(larkon)/branch/[branchId]/clinic/doctors/schedule-board/page.tsx(9,26): error TS7016: Could not find a declaration file for module '@/src/components/branch/BranchHeader'. 'D:/BPA_Data/bpa_web/src/components/branch/BranchHeader.jsx' implicitly has an 'any' type.
app/staff/(larkon)/branch/[branchId]/clinic/doctors/schedule-board/page.tsx(10,26): error TS7016: Could not find a declaration file for module '@/src/components/branch/AccessDenied'. 'D:/BPA_Data/bpa_web/src/components/branch/AccessDenied.jsx' implicitly has an 'any' type.
app/staff/(larkon)/branch/[branchId]/clinic/doctors/service-assignment/page.tsx(9,26): error TS7016: Could not find a declaration file for module '@/src/components/branch/BranchHeader'. 'D:/BPA_Data/bpa_web/src/components/branch/BranchHeader.jsx' implicitly has an 'any' type.
app/staff/(larkon)/branch/[branchId]/clinic/doctors/service-assignment/page.tsx(10,26): error TS7016: Could not find a declaration file for module '@/src/components/branch/AccessDenied'. 'D:/BPA_Data/bpa_web/src/components/branch/AccessDenied.jsx' implicitly has an 'any' type.
app/staff/(larkon)/branch/[branchId]/clinic/items/page.tsx(338,29): error TS2322: Type 'unknown' is not assignable to type 'ReactNode'.
app/staff/(larkon)/branch/[branchId]/clinic/items/page.tsx(339,29): error TS2322: Type 'unknown' is not assignable to type 'ReactNode'.
app/staff/(larkon)/branch/[branchId]/clinic/items/page.tsx(463,27): error TS2322: Type 'unknown' is not assignable to type 'ReactNode'.
app/staff/(larkon)/branch/[branchId]/clinic/items/page.tsx(464,27): error TS2322: Type 'unknown' is not assignable to type 'ReactNode'.
app/staff/(larkon)/branch/[branchId]/clinic/medicine-control/eod-close/page.tsx(9,26): error TS7016: Could not find a declaration file for module '@/src/components/branch/BranchHeader'. 'D:/BPA_Data/bpa_web/src/components/branch/BranchHeader.jsx' implicitly has an 'any' type.
app/staff/(larkon)/branch/[branchId]/clinic/medicine-control/eod-close/page.tsx(10,26): error TS7016: Could not find a declaration file for module '@/src/components/branch/AccessDenied'. 'D:/BPA_Data/bpa_web/src/components/branch/AccessDenied.jsx' implicitly has an 'any' type.
app/staff/(larkon)/branch/[branchId]/clinic/medicine-control/handover-summary/page.tsx(8,26): error TS7016: Could not find a declaration file for module '@/src/components/branch/BranchHeader'. 'D:/BPA_Data/bpa_web/src/components/branch/BranchHeader.jsx' implicitly has an 'any' type.
app/staff/(larkon)/branch/[branchId]/clinic/medicine-control/handover-summary/page.tsx(9,26): error TS7016: Could not find a declaration file for module '@/src/components/branch/AccessDenied'. 'D:/BPA_Data/bpa_web/src/components/branch/AccessDenied.jsx' implicitly has an 'any' type.
app/staff/(larkon)/branch/[branchId]/clinic/medicine-control/injection-monitor/page.tsx(8,26): error TS7016: Could not find a declaration file for module '@/src/components/branch/BranchHeader'. 'D:/BPA_Data/bpa_web/src/components/branch/BranchHeader.jsx' implicitly has an 'any' type.
app/staff/(larkon)/branch/[branchId]/clinic/medicine-control/injection-monitor/page.tsx(9,26): error TS7016: Could not find a declaration file for module '@/src/components/branch/AccessDenied'. 'D:/BPA_Data/bpa_web/src/components/branch/AccessDenied.jsx' implicitly has an 'any' type.
app/staff/(larkon)/branch/[branchId]/clinic/medicine-control/injection-room/page.tsx(17,26): error TS7016: Could not find a declaration file for module '@/src/components/branch/BranchHeader'. 'D:/BPA_Data/bpa_web/src/components/branch/BranchHeader.jsx' implicitly has an 'any' type.
app/staff/(larkon)/branch/[branchId]/clinic/medicine-control/injection-room/page.tsx(18,26): error TS7016: Could not find a declaration file for module '@/src/components/branch/AccessDenied'. 'D:/BPA_Data/bpa_web/src/components/branch/AccessDenied.jsx' implicitly has an 'any' type.
app/staff/(larkon)/branch/[branchId]/clinic/medicine-control/injection-room/page.tsx(591,50): error TS2339: Property 'room' does not exist on type 'VialSessionListItem'.
app/staff/(larkon)/branch/[branchId]/clinic/medicine-control/injection-tokens/page.tsx(22,26): error TS7016: Could not find a declaration file for module '@/src/components/branch/BranchHeader'. 'D:/BPA_Data/bpa_web/src/components/branch/BranchHeader.jsx' implicitly has an 'any' type.
app/staff/(larkon)/branch/[branchId]/clinic/medicine-control/injection-tokens/page.tsx(23,26): error TS7016: Could not find a declaration file for module '@/src/components/branch/AccessDenied'. 'D:/BPA_Data/bpa_web/src/components/branch/AccessDenied.jsx' implicitly has an 'any' type.
app/staff/(larkon)/branch/[branchId]/clinic/medicine-control/internal-orders/page.tsx(13,26): error TS7016: Could not find a declaration file for module '@/src/components/branch/BranchHeader'. 'D:/BPA_Data/bpa_web/src/components/branch/BranchHeader.jsx' implicitly has an 'any' type.
app/staff/(larkon)/branch/[branchId]/clinic/medicine-control/internal-orders/page.tsx(14,26): error TS7016: Could not find a declaration file for module '@/src/components/branch/AccessDenied'. 'D:/BPA_Data/bpa_web/src/components/branch/AccessDenied.jsx' implicitly has an 'any' type.
app/staff/(larkon)/branch/[branchId]/clinic/medicine-control/internal-orders/page.tsx(38,13): error TS2345: Argument of type 'Dispatch<SetStateAction<Record<string, number>>>' is not assignable to parameter of type '(value: { pending: number; approved: number; rejected: number; issued: number; activated: number; closed: number; byRequestType: Record<string, number>; }) => void | PromiseLike<void>'.
  Types of parameters 'value' and 'value' are incompatible.
    Type '{ pending: number; approved: number; rejected: number; issued: number; activated: number; closed: number; byRequestType: Record<string, number>; }' is not assignable to type 'SetStateAction<Record<string, number>>'.
      Type '{ pending: number; approved: number; rejected: number; issued: number; activated: number; closed: number; byRequestType: Record<string, number>; }' is not assignable to type 'Record<string, number>'.
        Property 'byRequestType' is incompatible with index signature.
          Type 'Record<string, number>' is not assignable to type 'number'.
app/staff/(larkon)/branch/[branchId]/clinic/medicine-control/reconciliation/page.tsx(13,26): error TS7016: Could not find a declaration file for module '@/src/components/branch/BranchHeader'. 'D:/BPA_Data/bpa_web/src/components/branch/BranchHeader.jsx' implicitly has an 'any' type.
app/staff/(larkon)/branch/[branchId]/clinic/medicine-control/reconciliation/page.tsx(14,26): error TS7016: Could not find a declaration file for module '@/src/components/branch/AccessDenied'. 'D:/BPA_Data/bpa_web/src/components/branch/AccessDenied.jsx' implicitly has an 'any' type.
app/staff/(larkon)/branch/[branchId]/clinic/prescriptions/[prescriptionId]/print/page.tsx(8,35): error TS7016: Could not find a declaration file for module '@/lib/clinicNotFoundHelpers'. 'D:/BPA_Data/bpa_web/lib/clinicNotFoundHelpers.js' implicitly has an 'any' type.
app/staff/(larkon)/branch/[branchId]/clinic/prescriptions/[prescriptionId]/print/page.tsx(9,26): error TS7016: Could not find a declaration file for module '@/src/components/branch/BranchHeader'. 'D:/BPA_Data/bpa_web/src/components/branch/BranchHeader.jsx' implicitly has an 'any' type.
app/staff/(larkon)/branch/[branchId]/clinic/prescriptions/[prescriptionId]/print/page.tsx(10,26): error TS7016: Could not find a declaration file for module '@/src/components/branch/AccessDenied'. 'D:/BPA_Data/bpa_web/src/components/branch/AccessDenied.jsx' implicitly has an 'any' type.
app/staff/(larkon)/branch/[branchId]/clinic/rooms/[roomId]/page.tsx(7,26): error TS7016: Could not find a declaration file for module '@/src/components/branch/BranchHeader'. 'D:/BPA_Data/bpa_web/src/components/branch/BranchHeader.jsx' implicitly has an 'any' type.
app/staff/(larkon)/branch/[branchId]/clinic/rooms/[roomId]/page.tsx(8,26): error TS7016: Could not find a declaration file for module '@/src/components/branch/AccessDenied'. 'D:/BPA_Data/bpa_web/src/components/branch/AccessDenied.jsx' implicitly has an 'any' type.
app/staff/(larkon)/branch/[branchId]/clinic/rooms/page.tsx(7,26): error TS7016: Could not find a declaration file for module '@/src/components/branch/BranchHeader'. 'D:/BPA_Data/bpa_web/src/components/branch/BranchHeader.jsx' implicitly has an 'any' type.
app/staff/(larkon)/branch/[branchId]/clinic/rooms/page.tsx(8,26): error TS7016: Could not find a declaration file for module '@/src/components/branch/AccessDenied'. 'D:/BPA_Data/bpa_web/src/components/branch/AccessDenied.jsx' implicitly has an 'any' type.
app/staff/(larkon)/branch/[branchId]/clinic/schedule-board/page.tsx(7,26): error TS7016: Could not find a declaration file for module '@/src/components/branch/BranchHeader'. 'D:/BPA_Data/bpa_web/src/components/branch/BranchHeader.jsx' implicitly has an 'any' type.
app/staff/(larkon)/branch/[branchId]/clinic/schedule-board/page.tsx(8,26): error TS7016: Could not find a declaration file for module '@/src/components/branch/AccessDenied'. 'D:/BPA_Data/bpa_web/src/components/branch/AccessDenied.jsx' implicitly has an 'any' type.
app/staff/(larkon)/branch/[branchId]/clinic/settlement/[batchId]/page.tsx(12,26): error TS7016: Could not find a declaration file for module '@/src/components/branch/BranchHeader'. 'D:/BPA_Data/bpa_web/src/components/branch/BranchHeader.jsx' implicitly has an 'any' type.
app/staff/(larkon)/branch/[branchId]/clinic/settlement/[batchId]/page.tsx(13,26): error TS7016: Could not find a declaration file for module '@/src/components/branch/AccessDenied'. 'D:/BPA_Data/bpa_web/src/components/branch/AccessDenied.jsx' implicitly has an 'any' type.
app/staff/(larkon)/branch/[branchId]/clinic/settlement/page.tsx(7,26): error TS7016: Could not find a declaration file for module '@/src/components/branch/BranchHeader'. 'D:/BPA_Data/bpa_web/src/components/branch/BranchHeader.jsx' implicitly has an 'any' type.
app/staff/(larkon)/branch/[branchId]/clinic/settlement/page.tsx(8,26): error TS7016: Could not find a declaration file for module '@/src/components/branch/AccessDenied'. 'D:/BPA_Data/bpa_web/src/components/branch/AccessDenied.jsx' implicitly has an 'any' type.
app/staff/(larkon)/branch/[branchId]/clinic/supply-requests/[requestId]/page.tsx(201,37): error TS2304: Cannot find name 'statusDisplayLabel'.
app/staff/(larkon)/branch/[branchId]/clinic/treatment-billing/page.tsx(13,26): error TS7016: Could not find a declaration file for module '@/src/components/branch/BranchHeader'. 'D:/BPA_Data/bpa_web/src/components/branch/BranchHeader.jsx' implicitly has an 'any' type.
app/staff/(larkon)/branch/[branchId]/clinic/treatment-billing/page.tsx(14,26): error TS7016: Could not find a declaration file for module '@/src/components/branch/AccessDenied'. 'D:/BPA_Data/bpa_web/src/components/branch/AccessDenied.jsx' implicitly has an 'any' type.
app/staff/(larkon)/branch/[branchId]/clinic/treatment-courses/[id]/page.tsx(13,26): error TS7016: Could not find a declaration file for module '@/src/components/branch/BranchHeader'. 'D:/BPA_Data/bpa_web/src/components/branch/BranchHeader.jsx' implicitly has an 'any' type.
app/staff/(larkon)/branch/[branchId]/clinic/treatment-courses/[id]/page.tsx(14,26): error TS7016: Could not find a declaration file for module '@/src/components/branch/AccessDenied'. 'D:/BPA_Data/bpa_web/src/components/branch/AccessDenied.jsx' implicitly has an 'any' type.
app/staff/(larkon)/branch/[branchId]/clinic/treatment-courses/new/page.tsx(7,26): error TS7016: Could not find a declaration file for module '@/src/components/branch/BranchHeader'. 'D:/BPA_Data/bpa_web/src/components/branch/BranchHeader.jsx' implicitly has an 'any' type.
app/staff/(larkon)/branch/[branchId]/clinic/treatment-courses/new/page.tsx(8,26): error TS7016: Could not find a declaration file for module '@/src/components/branch/AccessDenied'. 'D:/BPA_Data/bpa_web/src/components/branch/AccessDenied.jsx' implicitly has an 'any' type.
app/staff/(larkon)/branch/[branchId]/clinic/treatment-courses/page.tsx(8,26): error TS7016: Could not find a declaration file for module '@/src/components/branch/BranchHeader'. 'D:/BPA_Data/bpa_web/src/components/branch/BranchHeader.jsx' implicitly has an 'any' type.
app/staff/(larkon)/branch/[branchId]/clinic/treatment-courses/page.tsx(9,26): error TS7016: Could not find a declaration file for module '@/src/components/branch/AccessDenied'. 'D:/BPA_Data/bpa_web/src/components/branch/AccessDenied.jsx' implicitly has an 'any' type.
app/staff/(larkon)/branch/[branchId]/escalations/page.tsx(7,18): error TS7016: Could not find a declaration file for module '@/src/bpa/components/ui/Card'. 'D:/BPA_Data/bpa_web/src/bpa/components/ui/Card.jsx' implicitly has an 'any' type.
app/staff/(larkon)/branch/[branchId]/escalations/page.tsx(8,26): error TS7016: Could not find a declaration file for module '@/src/components/branch/AccessDenied'. 'D:/BPA_Data/bpa_web/src/components/branch/AccessDenied.jsx' implicitly has an 'any' type.
app/staff/(larkon)/branch/[branchId]/manager-dashboard/page.tsx(7,18): error TS7016: Could not find a declaration file for module '@/src/bpa/components/ui/Card'. 'D:/BPA_Data/bpa_web/src/bpa/components/ui/Card.jsx' implicitly has an 'any' type.
app/staff/(larkon)/branch/[branchId]/manager-dashboard/page.tsx(8,26): error TS7016: Could not find a declaration file for module '@/src/components/branch/AccessDenied'. 'D:/BPA_Data/bpa_web/src/components/branch/AccessDenied.jsx' implicitly has an 'any' type.
app/staff/(larkon)/branch/[branchId]/roster/page.tsx(7,18): error TS7016: Could not find a declaration file for module '@/src/bpa/components/ui/Card'. 'D:/BPA_Data/bpa_web/src/bpa/components/ui/Card.jsx' implicitly has an 'any' type.
app/staff/(larkon)/branch/[branchId]/roster/page.tsx(8,26): error TS7016: Could not find a declaration file for module '@/src/components/branch/AccessDenied'. 'D:/BPA_Data/bpa_web/src/components/branch/AccessDenied.jsx' implicitly has an 'any' type.
lib/api.ts(715,3): error TS2322: Type '{ success?: boolean | undefined; message?: string | undefined; data?: any; }' is not assignable to type '{ success: boolean; message?: string | undefined; data?: any; }'.
  Types of property 'success' are incompatible.
    Type 'boolean | undefined' is not assignable to type 'boolean'.
      Type 'undefined' is not assignable to type 'boolean'.
lib/api.ts(720,3): error TS2322: Type '{ success?: boolean | undefined; message?: string | undefined; }' is not assignable to type '{ success: boolean; message?: string | undefined; }'.
  Types of property 'success' are incompatible.
    Type 'boolean | undefined' is not assignable to type 'boolean'.
      Type 'undefined' is not assignable to type 'boolean'.
lib/api.ts(2911,53): error TS2339: Property 'items' does not exist on type '{ list?: any[] | undefined; total?: number | undefined; }'.
lib/api.ts(2918,37): error TS2339: Property 'items' does not exist on type 'never'.
lib/api.ts(2924,37): error TS2339: Property 'list' does not exist on type 'never'.
lib/api.ts(2924,48): error TS2339: Property 'items' does not exist on type 'never'.
src/bpa/admin/components/verification-center/VerificationDetailPage.tsx(331,51): error TS2322: Type '{ logs: { id: string | number; action: string; createdAt: string; note?: string | undefined; }[]; emptyMessage: string; }' is not assignable to type 'IntrinsicAttributes & TimelineViewProps'.
  Property 'emptyMessage' does not exist on type 'IntrinsicAttributes & TimelineViewProps'.
src/bpa/admin/components/verification-center/VerificationDetailPage.tsx(355,17): error TS2322: Type '{ basePath: string; allowedActions: string[]; onDone: () => Promise<void>; loading: boolean; }' is not assignable to type 'IntrinsicAttributes & DecisionPanelProps'.
  Property 'allowedActions' does not exist on type 'IntrinsicAttributes & DecisionPanelProps'.
src/components/booking/EnterpriseAppointmentWizard.tsx(346,37): error TS2345: Argument of type '"WALKIN" | "PHONE" | "ONLINE"' is not assignable to parameter of type 'BookingSource'.
  Type '"ONLINE"' is not assignable to type 'BookingSource'.
src/components/booking/EnterpriseAppointmentWizard.tsx(476,7): error TS2322: Type '{ branchId: number; appointmentType: AppointmentType; serviceId: number | null; packageId: number | null; onServiceSelect: (id: number | null) => void; onPackageSelect: (id: number | null) => void; }' is not assignable to type 'IntrinsicAttributes & ServiceSelectorProps'.
  Property 'branchId' does not exist on type 'IntrinsicAttributes & ServiceSelectorProps'.
src/components/booking/EnterpriseAppointmentWizard.tsx(501,7): error TS2322: Type '{ branchId: number; serviceId: number | null; packageId: number | null; doctorId: number | "auto" | null; onDoctorSelect: (id: number | "auto" | null) => void; }' is not assignable to type 'IntrinsicAttributes & DoctorSelectorProps'.
  Property 'branchId' does not exist on type 'IntrinsicAttributes & DoctorSelectorProps'.
src/components/booking/EnterpriseAppointmentWizard.tsx(531,7): error TS2322: Type '{ branchId: number; doctorId: number | "auto" | null; serviceId: number | null; packageId: number | null; selectedDate: string | null; selectedSlot: AppointmentSlot | null; onDateSelect: (date: string | null) => void; onSlotSelect: (slot: AppointmentSlot | null) => void; }' is not assignable to type 'IntrinsicAttributes & SlotPickerProps'.
  Property 'branchId' does not exist on type 'IntrinsicAttributes & SlotPickerProps'.
src/components/clinic/doctors/DoctorSummaryCard.tsx(40,11): error TS2322: Type 'string | null | undefined' is not assignable to type 'string | undefined'.
  Type 'null' is not assignable to type 'string | undefined'.
src/components/clinic/doctors/DoctorTable.tsx(142,23): error TS2322: Type 'string | null | undefined' is not assignable to type 'string | undefined'.
  Type 'null' is not assignable to type 'string | undefined'.
src/larkon-admin/components/layout/TopNavigationBar/page.tsx(15,36): error TS7016: Could not find a declaration file for module '@/src/components/clinic/QuickAppointmentDrawer'. 'D:/BPA_Data/bpa_web/src/components/clinic/QuickAppointmentDrawer.jsx' implicitly has an 'any' type.
src/lib/branchSidebarConfig.ts(22,41): error TS7016: Could not find a declaration file for module '@/lib/staffClinicPatientRoutes'. 'D:/BPA_Data/bpa_web/lib/staffClinicPatientRoutes.js' implicitly has an 'any' type.
src/media/cropper/ImageCropperModal.tsx(34,24): error TS18046: 'img' is of type 'unknown'.
src/media/cropper/ImageCropperModal.tsx(34,42): error TS18046: 'img' is of type 'unknown'.
src/media/cropper/ImageCropperModal.tsx(35,25): error TS18046: 'img' is of type 'unknown'.
src/media/cropper/ImageCropperModal.tsx(35,43): error TS18046: 'img' is of type 'unknown'.
src/media/cropper/ImageCropperModal.tsx(41,17): error TS2345: Argument of type 'unknown' is not assignable to parameter of type 'CanvasImageSource'.
src/media/cropper/ImageCropperModal.tsx(41,23): error TS18046: 'img' is of type 'unknown'.
src/media/cropper/ImageCropperModal.tsx(41,39): error TS18046: 'img' is of type 'unknown'.
src/media/cropper/ImageCropperModal.tsx(47,18): error TS18046: 'img' is of type 'unknown'.
src/media/cropper/ImageCropperModal.tsx(47,37): error TS18046: 'img' is of type 'unknown'.
src/media/cropper/ImageCropperModal.tsx(48,18): error TS18046: 'img' is of type 'unknown'.
src/media/cropper/ImageCropperModal.tsx(48,38): error TS18046: 'img' is of type 'unknown'.
src/media/cropper/ImageCropperModal.tsx(99,11): error TS2304: Cannot find name 'CropperConfig'.
src/media/cropper/ImageCropperModal.tsx(101,20): error TS2304: Cannot find name 'CropResult'.
src/media/cropper/ImageCropperModal.tsx(164,25): error TS2304: Cannot find name 'CropParams'.
src/media/cropper/ImageCropperModal.tsx(184,21): error TS2304: Cannot find name 'CropResult'.
src/media/cropper/ImageCropperModal.tsx(189,34): error TS2304: Cannot find name 'OutputFormat'.
